// Jest Snapshot v1, https://goo.gl/fbAQLP

exports[`Main renders 1`] = `
<div>
  <main
    class="container mx-auto flex-auto relative border-t border-gray-200 dark:border-gray-800"
  >
    <span>
      Hi Roy
    </span>
  </main>
</div>
`;
